
Hexadecimal

Area                               Addr   Size   Decimal Bytes (Attributes)
--------------------------------   ----   ----   ------- ----- ------------
CABS                               0000   0000 =      0. bytes (ABS,CON,CODE)

      Value  Global
   --------  --------------------------------
  0C:FFFFFF00    s_BSEG
  0C:0000    l_BSEG
  0C:0000    l_BSEG_BYTES
  0C:0000    l_CABS
  0C:0000    l_GSINIT1
  0C:0000    l_GSINIT5
  0C:0000    l_IABS
  0C:0000    l_ISEG
  0C:0000    l_PSEG
  0C:0000    l_REG_BANK_1
  0C:0000    l_REG_BANK_2
  0C:0000    l_REG_BANK_3
  0C:0000    l_RSEG
  0C:0000    l_XABS
  0C:0000    l_XINIT
  0C:0000    l_XISEG
  0C:0000    l_XSEG
  0C:0000    l__CODE
  0C:0000    s_BSEG_BYTES
  0C:0000    s_CABS
  0C:0000    s_DSEG
  0C:0000    s_HOME
  0C:0000    s_IABS
  0C:0000    s_ISEG
  0C:0000    s_PSEG
  0C:0000    s_REG_BANK_0
  0C:0000    s_XABS
  0C:0000    s_XISEG
  0C:0000    s_XSEG
  0C:0001    l_BIT_BANK
  0C:0003    l_GSFINAL
  0C:0003    l_GSINIT0
  0C:0004    l_OSEG
  0C:0008    l_REG_BANK_0
  0C:0008    s_REG_BANK_1
  0C:000A    l_GSINIT2
  0C:0010    s_REG_BANK_2
  0C:0018    s_REG_BANK_3
  0C:0020    s_BIT_BANK
  0C:0020    s__CODE
  0C:0022    l_GSINIT3
  0C:002A    l_GSINIT4
  0C:0037    s_OSEG
  0C:003B    s_RSEG
  0C:003B    s_SSEG
  0C:0040    l_GSINIT
  0C:0055    l_HOME
  0C:0055    s_GSINIT0
  0C:0058    s_GSINIT1
  0C:0058    s_GSINIT2
  0C:0062    s_GSINIT3
  0C:007E    l_DSEG
  0C:0084    s_GSINIT4
  0C:00AE    s_GSINIT
  0C:00AE    s_GSINIT5
  0C:00C5    l_SSEG
  0C:00EE    s_GSFINAL
  0C:00F1    s_CSEG
  0C:0100    l_IRAM
  0C:013A    l_CONST
  0C:0B04    l_CSEG
  0C:0BF5    s_CONST
  0C:0D2F    s_XINIT



Hexadecimal

Area                               Addr   Size   Decimal Bytes (Attributes)
--------------------------------   ----   ----   ------- ----- ------------
.  .ABS.                           0000   0000 =      0. bytes (ABS,CON)

      Value  Global
   --------  --------------------------------
     0081    G$SP$0$0
     0081    _SP
     0082    G$DPL$0$0
     0082    _DPL
     0083    G$DPH$0$0
     0083    _DPH
     0087    G$PCON$0$0
     0087    _PCON
     0088    G$IT0$0$0
     0088    G$TCON$0$0
     0088    _IT0
     0088    _TCON
     0089    G$IE0$0$0
     0089    G$TMOD$0$0
     0089    _IE0
     0089    _TMOD
     008A    G$IT1$0$0
     008A    G$TL0$0$0
     008A    _IT1
     008A    _TL0
     008B    G$IE1$0$0
     008B    G$TL1$0$0
     008B    _IE1
     008B    _TL1
     008C    G$TH0$0$0
     008C    G$TR0$0$0
     008C    _TH0
     008C    _TR0
     008D    G$TF0$0$0
     008D    G$TH1$0$0
     008D    _TF0
     008D    _TH1
     008E    G$AUXR$0$0
     008E    G$TR1$0$0
     008E    _AUXR
     008E    _TR1
     008F    G$CKCON$0$0
     008F    G$TF1$0$0
     008F    _CKCON
     008F    _TF1
     0090    G$P1$0$0
     0090    G$P1_0$0$0
     0090    _P1
     0090    _P1_0
     0091    G$P1_1$0$0
     0091    _P1_1
     0092    G$P1_2$0$0
     0092    _P1_2
     0093    G$P1_3$0$0
     0093    _P1_3
     0094    G$P1_4$0$0
     0094    _P1_4
     0095    G$P1_5$0$0
     0095    _P1_5
     0096    G$P1_6$0$0
     0096    _P1_6
     0097    G$P1_7$0$0
     0097    _P1_7
     0098    G$RI$0$0
     0098    G$SCON$0$0
     0098    _RI
     0098    _SCON
     0099    G$SBUF$0$0
     0099    G$TI$0$0
     0099    _SBUF
     0099    _TI
     009A    G$RB8$0$0
     009A    _RB8
     009B    G$CANGIT$0$0
     009B    G$TB8$0$0
     009B    _CANGIT
     009B    _TB8
     009C    G$CANTEC$0$0
     009C    G$REN$0$0
     009C    _CANTEC
     009C    _REN
     009D    G$CANREC$0$0
     009D    G$SM2$0$0
     009D    _CANREC
     009D    _SM2
     009E    G$SM1$0$0
     009E    _SM1
     009F    G$FE$0$0
     009F    G$SM0$0$0
     009F    _FE
     009F    _SM0
     00A0    G$P2$0$0
     00A0    G$P2_0$0$0
     00A0    _P2
     00A0    _P2_0
     00A0    __XPAGE
     00A1    G$CANTCON$0$0
     00A1    G$P2_1$0$0
     00A1    _CANTCON
     00A1    _P2_1
     00A2    G$AUXR1$0$0
     00A2    _AUXR1
     00A3    G$CANMSG$0$0
     00A3    _CANMSG
     00A4    G$CANTTCL$0$0
     00A4    _CANTTCL
     00A5    G$CANTTCH$0$0
     00A5    _CANTTCH
     00A6    G$WDTRST$0$0
     00A6    _WDTRST
     00A7    G$WDTPRG$0$0
     00A7    _WDTPRG
     00A8    G$EX0$0$0
     00A8    G$IEN0$0$0
     00A8    _EX0
     00A8    _IEN0
     00A9    G$ET0$0$0
     00A9    G$SADDR$0$0
     00A9    _ET0
     00A9    _SADDR
     00AA    G$CANGSTA$0$0
     00AA    G$EX1$0$0
     00AA    _CANGSTA
     00AA    _EX1
     00AB    G$CANGCON$0$0
     00AB    G$ET1$0$0
     00AB    _CANGCON
     00AB    _ET1
     00AC    G$CANTIML$0$0
     00AC    G$ES$0$0
     00AC    _CANTIML
     00AC    _ES
     00AD    G$CANTIMH$0$0
     00AD    G$ET2$0$0
     00AD    _CANTIMH
     00AD    _ET2
     00AE    G$CANSTMPL$0$0
     00AE    G$EC$0$0
     00AE    _CANSTMPL
     00AE    _EC
     00AF    G$CANSTMPH$0$0
     00AF    G$EA$0$0
     00AF    _CANSTMPH
     00AF    _EA
     00B0    G$P3$0$0
     00B0    G$P3_0$0$0
     00B0    G$RXD$0$0
     00B0    _P3
     00B0    _P3_0
     00B0    _RXD
     00B1    G$CANPAGE$0$0
     00B1    G$P3_1$0$0
     00B1    G$TXD$0$0
     00B1    _CANPAGE
     00B1    _P3_1
     00B1    _TXD
     00B2    G$CANSTCH$0$0
     00B2    G$INT0$0$0
     00B2    G$P3_2$0$0
     00B2    _CANSTCH
     00B2    _INT0
     00B2    _P3_2
     00B3    G$CANCONCH$0$0
     00B3    G$INT1$0$0
     00B3    G$P3_3$0$0
     00B3    _CANCONCH
     00B3    _INT1
     00B3    _P3_3
     00B4    G$CANBT1$0$0
     00B4    G$P3_4$0$0
     00B4    G$T0$0$0
     00B4    _CANBT1
     00B4    _P3_4
     00B4    _T0
     00B5    G$CANBT2$0$0
     00B5    G$P3_5$0$0
     00B5    G$T1$0$0
     00B5    _CANBT2
     00B5    _P3_5
     00B5    _T1
     00B6    G$CANBT3$0$0
     00B6    G$P3_6$0$0
     00B6    G$WR$0$0
     00B6    _CANBT3
     00B6    _P3_6
     00B6    _WR
     00B7    G$IPH0$0$0
     00B7    G$P3_7$0$0
     00B7    G$RD$0$0
     00B7    _IPH0
     00B7    _P3_7
     00B7    _RD
     00B8    G$IPL0$0$0
     00B8    _IPL0
     00B9    G$SADEN$0$0
     00B9    _SADEN
     00BB    G$CANSIT$0$0
     00BB    _CANSIT
     00BC    G$CANIDT1$0$0
     00BC    _CANIDT1
     00BD    G$CANIDT2$0$0
     00BD    _CANIDT2
     00BE    G$CANIDT3$0$0
     00BE    _CANIDT3
     00BF    G$CANIDT4$0$0
     00BF    _CANIDT4
     00C0    G$P4$0$0
     00C0    G$P4_0$0$0
     00C0    _P4
     00C0    _P4_0
     00C1    G$CANGIE$0$0
     00C1    G$P4_1$0$0
     00C1    _CANGIE
     00C1    _P4_1
     00C3    G$CANIE$0$0
     00C3    _CANIE
     00C4    G$CANIDM1$0$0
     00C4    _CANIDM1
     00C5    G$CANIDM2$0$0
     00C5    _CANIDM2
     00C6    G$CANIDM3$0$0
     00C6    _CANIDM3
     00C7    G$CANIDM4$0$0
     00C7    _CANIDM4
     00C8    G$CP_RL2$0$0
     00C8    G$T2CON$0$0
     00C8    _CP_RL2
     00C8    _T2CON
     00C9    G$C_T2$0$0
     00C9    G$T2MOD$0$0
     00C9    _C_T2
     00C9    _T2MOD
     00CA    G$RCAP2L$0$0
     00CA    G$TR2$0$0
     00CA    _RCAP2L
     00CA    _TR2
     00CB    G$EXEN2$0$0
     00CB    G$RCAP2H$0$0
     00CB    _EXEN2
     00CB    _RCAP2H
     00CC    G$TCLK$0$0
     00CC    G$TL2$0$0
     00CC    _TCLK
     00CC    _TL2
     00CD    G$RCLK$0$0
     00CD    G$TH2$0$0
     00CD    _RCLK
     00CD    _TH2
     00CE    G$EXF2$0$0
     00CE    _EXF2
     00CF    G$CANEN$0$0
     00CF    G$TF2$0$0
     00CF    _CANEN
     00CF    _TF2
     00D0    G$P$0$0
     00D0    G$PSW$0$0
     00D0    _P
     00D0    _PSW
     00D1    G$FCON$0$0
     00D1    G$UD$0$0
     00D1    _FCON
     00D1    _UD
     00D2    G$EECON$0$0
     00D2    G$OV$0$0
     00D2    _EECON
     00D2    _OV
     00D3    G$RS0$0$0
     00D3    _RS0
     00D4    G$RS1$0$0
     00D4    _RS1
     00D5    G$F0$0$0
     00D5    _F0
     00D6    G$AC$0$0
     00D6    _AC
     00D7    G$CY$0$0
     00D7    _CY
     00D8    G$CCF0$0$0
     00D8    G$CCON$0$0
     00D8    _CCF0
     00D8    _CCON
     00D9    G$CCF1$0$0
     00D9    G$CMOD$0$0
     00D9    _CCF1
     00D9    _CMOD
     00DA    G$CCAPM0$0$0
     00DA    G$CCF2$0$0
     00DA    _CCAPM0
     00DA    _CCF2
     00DB    G$CCAPM1$0$0
     00DB    G$CCF3$0$0
     00DB    _CCAPM1
     00DB    _CCF3
     00DC    G$CCAPM2$0$0
     00DC    G$CCF4$0$0
     00DC    _CCAPM2
     00DC    _CCF4
     00DD    G$CCAPM3$0$0
     00DD    _CCAPM3
     00DE    G$CCAPM4$0$0
     00DE    G$CR$0$0
     00DE    _CCAPM4
     00DE    _CR
     00DF    G$CF$0$0
     00DF    _CF
     00E0    G$ACC$0$0
     00E0    _ACC
     00E8    G$ECAN$0$0
     00E8    G$IEN1$0$0
     00E8    _ECAN
     00E8    _IEN1
     00E9    G$CL$0$0
     00E9    G$EADC$0$0
     00E9    _CL
     00E9    _EADC
     00EA    G$CCAP0L$0$0
     00EA    G$ETIM$0$0
     00EA    _CCAP0L
     00EA    _ETIM
     00EB    G$CCAP1L$0$0
     00EB    _CCAP1L
     00EC    G$CCAP2L$0$0
     00EC    _CCAP2L
     00ED    G$CCAP3L$0$0
     00ED    _CCAP3L
     00EE    G$CCAP4L$0$0
     00EE    _CCAP4L
     00F0    G$B$0$0
     00F0    _B
     00F2    G$ADCLK$0$0
     00F2    _ADCLK
     00F3    G$ADCON$0$0
     00F3    _ADCON
     00F4    G$ADDL$0$0
     00F4    _ADDL
     00F5    G$ADDH$0$0
     00F5    _ADDH
     00F5    _B_5
     00F6    G$ADCF$0$0
     00F6    _ADCF
     00F6    _B_6
     00F7    G$IPH1$0$0
     00F7    _B_7
     00F7    _IPH1
     00F8    G$IPL1$0$0
     00F8    _IPL1
     00F9    G$CH$0$0
     00F9    _CH
     00FA    G$CCAP0H$0$0
     00FA    _CCAP0H
     00FB    G$CCAP1H$0$0
     00FB    _CCAP1H
     00FC    G$CCAP2H$0$0
     00FC    _CCAP2H
     00FD    G$CCAP3H$0$0
     00FD    _CCAP3H
     00FE    G$CCAP4H$0$0
     00FE    _CCAP4H









Hexadecimal

Area                               Addr   Size   Decimal Bytes (Attributes)
--------------------------------   ----   ----   ------- ----- ------------
DSEG                               0000   007E =    126. bytes (REL,CON)

      Value  Global
   --------  --------------------------------
     0008    G$MyPutchar$0$0
     0008    _MyPutchar
     000A    G$MyGetchar$0$0
     000A    _MyGetchar
     000C    LUsartSetBaudrate$u32Baudrate$1$1
     0010    LUsartSetBaudrate$u8CKCON$1$1
     0011    LUsartSetBaudrate$u8PCON$1$1
     0012    Lngets$s$1$1
     0012    _ngets_PARM_2
     0015    G$ePcaClkSource$0$0
     0015    _ePcaClkSource
     0016    G$ePcaModePca0$0$0
     0016    _ePcaModePca0
     0017    G$ePcaModePca1$0$0
     0017    _ePcaModePca1
     0018    LPcaSetPwm$u8PwmWert$1$1
     0018    _PcaSetPwm_PARM_2
     0019    G$u32QuarzFreq$0$0
     0019    _u32QuarzFreq
     001D    _bp
     0021    G$isrFncReset$0$0
     0021    _isrFncReset
     0023    G$isrFncExt0$0$0
     0023    _isrFncExt0
     0025    G$isrFncTmr0$0$0
     0025    _isrFncTmr0
     0027    G$isrFncExt1$0$0
     0027    _isrFncExt1
     0029    G$isrFncTmr1$0$0
     0029    _isrFncTmr1
     002B    G$isrFncUart$0$0
     002B    _isrFncUart
     002D    G$isrFncTmr2$0$0
     002D    _isrFncTmr2
     002F    G$isrFncPca$0$0
     002F    _isrFncPca
     0031    G$isrFncCan$0$0
     0031    _isrFncCan
     0033    G$isrFncAdc$0$0
     0033    _isrFncAdc
     0035    G$isrFncCanTmr$0$0
     0035    _isrFncCanTmr

Hexadecimal

Area                               Addr   Size   Decimal Bytes (Attributes)
--------------------------------   ----   ----   ------- ----- ------------
OSEG                               0037   0004 =      4. bytes (REL,OVR)

      Value  Global
   --------  --------------------------------
     0037    LPcaInitModul$ePcaMode$1$1
     0037    LSysInit$eSysClockMode$1$1
     0037    _PcaInitModul_PARM_2
     0037    _SysInit_PARM_2
     0037    __divslong_PARM_2
     0037    __divulong_PARM_2
     0037    __gptrput_PARM_2
     0037    __mulint_PARM_2
     0037    __mullong_PARM_2


Hexadecimal

Area                               Addr   Size   Decimal Bytes (Attributes)
--------------------------------   ----   ----   ------- ----- ------------
SSEG                               003B   00C5 =    197. bytes (REL,OVR)

      Value  Global
   --------  --------------------------------
     003B    __start__stack





Hexadecimal

Area                               Addr   Size   Decimal Bytes (Attributes)
--------------------------------   ----   ----   ------- ----- ------------
HOME                               0000   0055 =     85. bytes (REL,CON,CODE)

      Value  Global
   --------  --------------------------------
  0C:0000    A$sdcc_test2$607
  0C:0003    A$sdcc_test2$608
  0C:000B    A$sdcc_test2$610
  0C:0013    A$sdcc_test2$612
  0C:001B    A$sdcc_test2$614
  0C:0023    A$sdcc_test2$616
  0C:002B    A$sdcc_test2$618
  0C:0033    A$sdcc_test2$620
  0C:003B    A$sdcc_test2$622
  0C:0043    A$sdcc_test2$624
  0C:004B    A$sdcc_test2$626
  0C:004E    A$sdcc_test2$648
  0C:004E    __sdcc_program_startup
  0C:0051    A$sdcc_test2$650
  0C:0053    __sdcc_call_dptr

Hexadecimal

Area                               Addr   Size   Decimal Bytes (Attributes)
--------------------------------   ----   ----   ------- ----- ------------
GSINIT0                            0055   0003 =      3. bytes (REL,CON,CODE)

      Value  Global
   --------  --------------------------------
  0C:0055    __sdcc_gsinit_startup



Hexadecimal

Area                               Addr   Size   Decimal Bytes (Attributes)
--------------------------------   ----   ----   ------- ----- ------------
GSINIT3                            0062   0022 =     34. bytes (REL,CON,CODE)

      Value  Global
   --------  --------------------------------
  0C:0062    __mcs51_genXINIT

Hexadecimal

Area                               Addr   Size   Decimal Bytes (Attributes)
--------------------------------   ----   ----   ------- ----- ------------
GSINIT4                            0084   002A =     42. bytes (REL,CON,CODE)

      Value  Global
   --------  --------------------------------
  0C:0084    __mcs51_genRAMCLEAR
  0C:008A    __mcs51_genXRAMCLEAR


Hexadecimal

Area                               Addr   Size   Decimal Bytes (Attributes)
--------------------------------   ----   ----   ------- ----- ------------
GSINIT                             00AE   0040 =     64. bytes (REL,CON,CODE)

      Value  Global
   --------  --------------------------------
  0C:00AE    A$pca$630
  0C:00AE    C$pca.c$17$1$1
  0C:00B1    A$pca$634
  0C:00B1    C$pca.c$18$1$1
  0C:00B4    A$pca$638
  0C:00B4    C$pca.c$19$1$1
  0C:00B7    A$isrvectors$673
  0C:00B7    C$isrvectors.c$22$1$1
  0C:00B8    A$isrvectors$674
  0C:00BA    A$isrvectors$675
  0C:00BC    A$isrvectors$679
  0C:00BC    C$isrvectors.c$23$1$1
  0C:00BD    A$isrvectors$680
  0C:00BF    A$isrvectors$681
  0C:00C1    A$isrvectors$685
  0C:00C1    C$isrvectors.c$24$1$1
  0C:00C2    A$isrvectors$686
  0C:00C4    A$isrvectors$687
  0C:00C6    A$isrvectors$691
  0C:00C6    C$isrvectors.c$25$1$1
  0C:00C7    A$isrvectors$692
  0C:00C9    A$isrvectors$693
  0C:00CB    A$isrvectors$697
  0C:00CB    C$isrvectors.c$26$1$1
  0C:00CC    A$isrvectors$698
  0C:00CE    A$isrvectors$699
  0C:00D0    A$isrvectors$703
  0C:00D0    C$isrvectors.c$27$1$1
  0C:00D1    A$isrvectors$704
  0C:00D3    A$isrvectors$705
  0C:00D5    A$isrvectors$709
  0C:00D5    C$isrvectors.c$28$1$1
  0C:00D6    A$isrvectors$710
  0C:00D8    A$isrvectors$711
  0C:00DA    A$isrvectors$715
  0C:00DA    C$isrvectors.c$29$1$1
  0C:00DB    A$isrvectors$716
  0C:00DD    A$isrvectors$717
  0C:00DF    A$isrvectors$721
  0C:00DF    C$isrvectors.c$30$1$1
  0C:00E0    A$isrvectors$722
  0C:00E2    A$isrvectors$723
  0C:00E4    A$isrvectors$727
  0C:00E4    C$isrvectors.c$31$1$1
  0C:00E5    A$isrvectors$728
  0C:00E7    A$isrvectors$729
  0C:00E9    A$isrvectors$733
  0C:00E9    C$isrvectors.c$32$1$1
  0C:00EA    A$isrvectors$734
  0C:00EC    A$isrvectors$735

Hexadecimal

Area                               Addr   Size   Decimal Bytes (Attributes)
--------------------------------   ----   ----   ------- ----- ------------
GSFINAL                            00EE   0003 =      3. bytes (REL,CON,CODE)

      Value  Global
   --------  --------------------------------
  0C:00EE    A$sdcc_test2$641

Hexadecimal

Area                               Addr   Size   Decimal Bytes (Attributes)
--------------------------------   ----   ----   ------- ----- ------------
CSEG                               00F1   0B04 =   2820. bytes (REL,CON,CODE)

      Value  Global
   --------  --------------------------------
  0C:00F1    A$sdcc_test2$679
  0C:00F1    C$sdcc_test2.c$19$0$0
  0C:00F1    C$sdcc_test2.c$34$1$1
  0C:00F1    G$main$0$0
  0C:00F1    _main
  0C:00F4    A$sdcc_test2$680
  0C:00F7    A$sdcc_test2$681
  0C:00FA    A$sdcc_test2$682
  0C:00FC    A$sdcc_test2$683
  0C:00FF    A$sdcc_test2$686
  0C:00FF    C$sdcc_test2.c$37$1$1
  0C:0102    A$sdcc_test2$689
  0C:0102    C$sdcc_test2.c$40$1$1
  0C:0105    A$sdcc_test2$692
  0C:0105    C$sdcc_test2.c$41$1$1
  0C:0108    A$sdcc_test2$693
  0C:0109    A$sdcc_test2$694
  0C:010B    A$sdcc_test2$695
  0C:010E    A$sdcc_test2$698
  0C:010E    C$sdcc_test2.c$42$1$1
  0C:0110    A$sdcc_test2$701
  0C:0110    C$sdcc_test2.c$45$1$1
  0C:0113    A$sdcc_test2$702
  0C:0116    A$sdcc_test2$705
  0C:0116    C$sdcc_test2.c$48$1$1
  0C:0119    A$sdcc_test2$706
  0C:011C    A$sdcc_test2$709
  0C:011C    C$sdcc_test2.c$49$1$1
  0C:011F    A$sdcc_test2$710
  0C:0122    A$sdcc_test2$711
  0C:0125    A$sdcc_test2$714
  0C:0125    C$sdcc_test2.c$50$1$1
  0C:0128    A$sdcc_test2$715
  0C:012B    A$sdcc_test2$716
  0C:012E    A$sdcc_test2$719
  0C:012E    C$sdcc_test2.c$52$1$1
  0C:0130    A$sdcc_test2$720
  0C:0132    A$sdcc_test2$721
  0C:0134    A$sdcc_test2$722
  0C:0136    A$sdcc_test2$723
  0C:0139    A$sdcc_test2$724
  0C:013B    A$sdcc_test2$725
  0C:013D    A$sdcc_test2$731
  0C:013D    C$sdcc_test2.c$53$1$1
  0C:013D    C$sdcc_test2.c$55$2$2
  0C:0140    A$sdcc_test2$732
  0C:0143    A$sdcc_test2$733
  0C:0145    A$sdcc_test2$734
  0C:0147    A$sdcc_test2$737
  0C:0147    C$sdcc_test2.c$56$2$2
  0C:0149    A$sdcc_test2$738
  0C:014B    A$sdcc_test2$739
  0C:014E    A$sdcc_test2$740
  0C:0151    A$sdcc_test2$741
  0C:0154    A$sdcc_test2$742
  0C:0155    A$sdcc_test2$743
  0C:0157    A$sdcc_test2$744
  0C:0159    A$sdcc_test2$745
  0C:015B    A$sdcc_test2$746
  0C:015E    A$sdcc_test2$747
  0C:0160    A$sdcc_test2$748
  0C:0162    A$sdcc_test2$749
  0C:0163    A$sdcc_test2$750
  0C:0165    A$sdcc_test2$751
  0C:0166    A$sdcc_test2$752
  0C:0167    A$sdcc_test2$753
  0C:0168    A$sdcc_test2$754
  0C:0169    A$sdcc_test2$755
  0C:016A    A$sdcc_test2$756
  0C:016B    A$sdcc_test2$757
  0C:016C    A$sdcc_test2$758
  0C:016D    A$sdcc_test2$759
  0C:016E    A$sdcc_test2$760
  0C:016F    A$sdcc_test2$761
  0C:0170    A$sdcc_test2$762
  0C:0171    A$sdcc_test2$763
  0C:0172    A$sdcc_test2$764
  0C:0173    A$sdcc_test2$765
  0C:0174    A$sdcc_test2$766
  0C:0176    A$sdcc_test2$767
  0C:0177    A$sdcc_test2$768
  0C:0178    A$sdcc_test2$769
  0C:0179    A$sdcc_test2$770
  0C:017A    A$sdcc_test2$771
  0C:017B    A$sdcc_test2$772
  0C:017D    A$sdcc_test2$775
  0C:017D    C$sdcc_test2.c$58$2$2
  0C:017F    A$sdcc_test2$776
  0C:0182    A$sdcc_test2$777
  0C:0183    A$sdcc_test2$778
  0C:0185    A$sdcc_test2$779
  0C:0188    A$sdcc_test2$780
  0C:018A    A$sdcc_test2$781
  0C:018C    A$sdcc_test2$782
  0C:018F    A$sdcc_test2$785
  0C:018F    C$sdcc_test2.c$59$2$2
  0C:0192    A$sdcc_test2$786
  0C:0195    A$sdcc_test2$787
  0C:0198    A$sdcc_test2$788
  0C:019A    A$sdcc_test2$789
  0C:019C    A$sdcc_test2$790
  0C:019E    A$sdcc_test2$791
  0C:01A0    A$sdcc_test2$794
  0C:01A0    C$sdcc_test2.c$60$2$2
  0C:01A2    A$sdcc_test2$795
  0C:01A4    A$sdcc_test2$796
  0C:01A6    A$sdcc_test2$797
  0C:01A8    A$sdcc_test2$798
  0C:01AA    A$sdcc_test2$799
  0C:01AC    A$sdcc_test2$800
  0C:01AE    A$sdcc_test2$801
  0C:01B0    A$sdcc_test2$802
  0C:01B3    A$sdcc_test2$803
  0C:01B5    A$sdcc_test2$804
  0C:01B7    A$sdcc_test2$805
  0C:01B9    A$sdcc_test2$808
  0C:01B9    C$sdcc_test2.c$61$1$1
  0C:01BB    A$sdcc_test2$809
  0C:01BD    A$sdcc_test2$811
  0C:01BE    A$sdcc_test2$812
  0C:01BF    A$sdcc_test2$813
  0C:01C1    A$sdcc_test2$814
  0C:01C4    A$sdcc_test2$816
  0C:01C5    A$sdcc_test2$817
  0C:01C8    A$sdcc_test2$818
  0C:01C9    A$sdcc_test2$821
  0C:01C9    C$sdcc_test2.c$63$1$1
  0C:01C9    XG$main$0$0
  0C:01CB    A$usart$665
  0C:01CB    C$usart.c$22$0$0
  0C:01CB    C$usart.c$25$1$1
  0C:01CB    G$UsartInit$0$0
  0C:01CB    _UsartInit
  0C:01CE    A$usart$668
  0C:01CE    C$usart.c$27$1$1
  0C:01D1    A$usart$671
  0C:01D1    C$usart.c$29$1$1
  0C:01D4    A$usart$672
  0C:01D7    A$usart$675
  0C:01D7    C$usart.c$30$1$1
  0C:01DA    A$usart$676
  0C:01DD    A$usart$679
  0C:01DD    C$usart.c$31$1$1
  0C:01DF    A$usart$682
  0C:01DF    C$usart.c$32$1$1
  0C:01E1    A$usart$685
  0C:01E1    C$usart.c$33$1$1
  0C:01E1    XG$UsartInit$0$0
  0C:01E2    A$usart$701
  0C:01E2    C$usart.c$42$1$1
  0C:01E2    C$usart.c$48$1$1
  0C:01E2    G$UsartAutoBaud$0$0
  0C:01E2    _UsartAutoBaud
  0C:01E5    A$usart$704
  0C:01E5    C$usart.c$49$1$1
  0C:01E8    A$usart$707
  0C:01E8    C$usart.c$50$1$1
  0C:01EB    A$usart$710
  0C:01EB    C$usart.c$51$1$1
  0C:01EE    A$usart$713
  0C:01EE    C$usart.c$52$1$1
  0C:01F1    A$usart$716
  0C:01F1    C$usart.c$53$1$1
  0C:01F4    A$usart$720
  0C:01F4    C$usart.c$55$1$1
  0C:01F7    A$usart$724
  0C:01F7    C$usart.c$56$1$1
  0C:01FA    A$usart$727
  0C:01FA    C$usart.c$57$1$1
  0C:01FC    A$usart$731
  0C:01FC    C$usart.c$59$1$1
  0C:01FF    A$usart$735
  0C:01FF    C$usart.c$60$1$1
  0C:0202    A$usart$739
  0C:0202    C$usart.c$61$1$1
  0C:0205    A$usart$743
  0C:0205    C$usart.c$62$1$1
  0C:0208    A$usart$747
  0C:0208    C$usart.c$63$1$1
  0C:020B    A$usart$751
  0C:020B    C$usart.c$64$1$1
  0C:020E    A$usart$755
  0C:020E    C$usart.c$65$1$1
  0C:0211    A$usart$759
  0C:0211    C$usart.c$66$1$1
  0C:0214    A$usart$762
  0C:0214    C$usart.c$67$1$1
  0C:0216    A$usart$765
  0C:0216    C$usart.c$68$1$1
  0C:0218    A$usart$766
  0C:021A    A$usart$767
  0C:021C    A$usart$768
  0C:021E    A$usart$769
  0C:021F    A$usart$770
  0C:0221    A$usart$771
  0C:0222    A$usart$772
  0C:0224    A$usart$773
  0C:0225    A$usart$774
  0C:0227    A$usart$775
  0C:0229    A$usart$776
  0C:022A    A$usart$777
  0C:022C    A$usart$778
  0C:022E    A$usart$781
  0C:022E    C$usart.c$71$1$1
  0C:0231    A$usart$782
  0C:0234    A$usart$783
  0C:0236    A$usart$784
  0C:0238    A$usart$785
  0C:023A    A$usart$786
  0C:023B    A$usart$787
  0C:023C    A$usart$788
  0C:023D    A$usart$789
  0C:023E    A$usart$790
  0C:0240    A$usart$791
  0C:0241    A$usart$792
  0C:0242    A$usart$793
  0C:0243    A$usart$794
  0C:0244    A$usart$795
  0C:0245    A$usart$796
  0C:0247    A$usart$797
  0C:0248    A$usart$798
  0C:0249    A$usart$799
  0C:024A    A$usart$800
  0C:024B    A$usart$801
  0C:024C    A$usart$802
  0C:024D    A$usart$803
  0C:024E    A$usart$804
  0C:024F    A$usart$805
  0C:0250    A$usart$806
  0C:0251    A$usart$807
  0C:0253    A$usart$808
  0C:0254    A$usart$809
  0C:0255    A$usart$810
  0C:0256    A$usart$813
  0C:0256    C$usart.c$73$1$1
  0C:0258    A$usart$814
  0C:025A    A$usart$817
  0C:025A    C$usart.c$74$1$1
  0C:025C    A$usart$820
  0C:025C    C$usart.c$76$1$1
  0C:025F    A$usart$823
  0C:025F    C$usart.c$77$1$1
  0C:0262    A$usart$826
  0C:0262    C$usart.c$79$1$1
  0C:0265    A$usart$829
  0C:0265    C$usart.c$81$1$1
  0C:0268    A$usart$832
  0C:0268    C$usart.c$82$1$1
  0C:0268    XG$UsartAutoBaud$0$0
  0C:0269    A$usart$848
  0C:0269    C$usart.c$91$1$1
  0C:0269    G$UsartSetBaudrate$0$0
  0C:0269    _UsartSetBaudrate
  0C:026C    A$usart$849
  0C:026F    A$usart$850
  0C:0272    A$usart$851
  0C:0274    A$usart$854
  0C:0274    C$usart.c$100$1$1
  0C:0277    A$usart$855
  0C:0279    A$usart$856
  0C:027B    A$usart$857
  0C:027C    A$usart$858
  0C:027D    A$usart$859
  0C:027E    A$usart$860
  0C:027F    A$usart$861
  0C:0280    A$usart$862
  0C:0282    A$usart$863
  0C:0283    A$usart$864
  0C:0284    A$usart$865
  0C:0286    A$usart$866
  0C:0287    A$usart$867
  0C:0288    A$usart$868
  0C:0289    A$usart$869
  0C:028A    A$usart$870
  0C:028C    A$usart$871
  0C:028E    A$usart$872
  0C:028F    A$usart$873
  0C:0291    A$usart$874
  0C:0292    A$usart$875
  0C:0294    A$usart$876
  0C:0295    A$usart$877
  0C:0297    A$usart$878
  0C:0298    A$usart$879
  0C:029A    A$usart$880
  0C:029B    A$usart$881
  0C:029D    A$usart$884
  0C:029D    C$usart.c$102$2$2
  0C:02A0    A$usart$885
  0C:02A1    A$usart$889
  0C:02A1    C$usart.c$105$1$1
  0C:02A4    A$usart$890
  0C:02A6    A$usart$891
  0C:02A8    A$usart$892
  0C:02AA    A$usart$893
  0C:02AB    A$usart$894
  0C:02AD    A$usart$895
  0C:02AF    A$usart$896
  0C:02B1    A$usart$897
  0C:02B3    A$usart$898
  0C:02B6    A$usart$899
  0C:02B8    A$usart$900
  0C:02BA    A$usart$901
  0C:02BC    A$usart$902
  0C:02BE    A$usart$903
  0C:02C0    A$usart$904
  0C:02C2    A$usart$905
  0C:02C4    A$usart$906
  0C:02C6    A$usart$907
  0C:02C8    A$usart$909
  0C:02C9    A$usart$910
  0C:02CA    A$usart$912
  0C:02CD    A$usart$913
  0C:02CE    A$usart$914
  0C:02D0    A$usart$915
  0C:02D2    A$usart$916
  0C:02D4    A$usart$918
  0C:02D5    A$usart$919
  0C:02D6    A$usart$920
  0C:02D7    A$usart$921
  0C:02D8    A$usart$922
  0C:02D9    A$usart$923
  0C:02DA    A$usart$924
  0C:02DB    A$usart$925
  0C:02DC    A$usart$926
  0C:02DD    A$usart$927
  0C:02DE    A$usart$928
  0C:02DF    A$usart$929
  0C:02E0    A$usart$930
  0C:02E1    A$usart$932
  0C:02E4    A$usart$933
  0C:02E5    A$usart$934
  0C:02E6    A$usart$935
  0C:02E8    A$usart$936
  0C:02E9    A$usart$937
  0C:02EB    A$usart$938
  0C:02EC    A$usart$939
  0C:02EE    A$usart$940
  0C:02EF    A$usart$941
  0C:02F1    A$usart$942
  0C:02F3    A$usart$945
  0C:02F3    C$usart.c$107$2$3
  0C:02F6    A$usart$946
  0C:02F7    A$usart$950
  0C:02F7    C$usart.c$110$1$1
  0C:02FA    A$usart$953
  0C:02FA    C$usart.c$111$1$1
  0C:02FD    A$usart$956
  0C:02FD    C$usart.c$114$1$1
  0C:0300    A$usart$957
  0C:0302    A$usart$958
  0C:0304    A$usart$961
  0C:0304    C$usart.c$116$2$4
  0C:0307    A$usart$965
  0C:0307    C$usart.c$120$1$1
  0C:030A    A$usart$968
  0C:030A    C$usart.c$122$1$1
  0C:030D    A$usart$969
  0C:0310    A$usart$970
  0C:0313    A$usart$971
  0C:0316    A$usart$972
  0C:0319    A$usart$973
  0C:031C    A$usart$974
  0C:031E    A$usart$975
  0C:0320    A$usart$976
  0C:0322    A$usart$977
  0C:0323    A$usart$980
  0C:0323    C$usart.c$123$1$1
  0C:0324    A$usart$981
  0C:0325    A$usart$982
  0C:0326    A$usart$983
  0C:0327    A$usart$984
  0C:0329    A$usart$985
  0C:032A    A$usart$986
  0C:032B    A$usart$987
  0C:032D    A$usart$988
  0C:032E    A$usart$989
  0C:032F    A$usart$990
  0C:0330    A$usart$991
  0C:0331    A$usart$992
  0C:0332    A$usart$993
  0C:0333    A$usart$994
  0C:0335    A$usart$995
  0C:0336    A$usart$996
  0C:0337    A$usart$997
  0C:0338    A$usart$998
  0C:0339    A$usart$999
  0C:033A    A$usart$1000
  0C:033B    A$usart$1001
  0C:033D    A$usart$1002
  0C:033E    A$usart$1003
  0C:033F    A$usart$1004
  0C:0341    A$usart$1005
  0C:0342    A$usart$1006
  0C:0343    A$usart$1007
  0C:0344    A$usart$1008
  0C:0345    A$usart$1011
  0C:0345    C$usart.c$126$1$1
  0C:0346    A$usart$1012
  0C:0348    A$usart$1013
  0C:0349    A$usart$1014
  0C:034B    A$usart$1015
  0C:034C    A$usart$1016
  0C:034D    A$usart$1017
  0C:034E    A$usart$1018
  0C:034F    A$usart$1019
  0C:0350    A$usart$1020
  0C:0352    A$usart$1023
  0C:0352    C$usart.c$128$2$5
  0C:0355    A$usart$1026
  0C:0355    C$usart.c$129$2$5
  0C:0356    A$usart$1027
  0C:0357    A$usart$1028
  0C:0358    A$usart$1029
  0C:0359    A$usart$1030
  0C:035A    A$usart$1031
  0C:035B    A$usart$1032
  0C:035C    A$usart$1033
  0C:035D    A$usart$1034
  0C:035E    A$usart$1035
  0C:035F    A$usart$1036
  0C:0360    A$usart$1037
  0C:0361    A$usart$1038
  0C:0362    A$usart$1039
  0C:0363    A$usart$1040
  0C:0364    A$usart$1041
  0C:0365    A$usart$1042
  0C:0366    A$usart$1043
  0C:0367    A$usart$1044
  0C:0368    A$usart$1045
  0C:0369    A$usart$1046
  0C:036A    A$usart$1047
  0C:036B    A$usart$1048
  0C:036C    A$usart$1049
  0C:036D    A$usart$1050
  0C:036E    A$usart$1051
  0C:036F    A$usart$1055
  0C:036F    C$usart.c$133$1$1
  0C:0370    A$usart$1056
  0C:0372    A$usart$1057
  0C:0373    A$usart$1058
  0C:0375    A$usart$1059
  0C:0376    A$usart$1060
  0C:0377    A$usart$1061
  0C:0378    A$usart$1062
  0C:0379    A$usart$1063
  0C:037A    A$usart$1064
  0C:037C    A$usart$1067
  0C:037C    C$usart.c$135$2$6
  0C:037F    A$usart$1070
  0C:037F    C$usart.c$136$2$6
  0C:0380    A$usart$1071
  0C:0381    A$usart$1072
  0C:0382    A$usart$1073
  0C:0383    A$usart$1074
  0C:0384    A$usart$1075
  0C:0385    A$usart$1076
  0C:0386    A$usart$1077
  0C:0387    A$usart$1078
  0C:0388    A$usart$1079
  0C:0389    A$usart$1080
  0C:038A    A$usart$1081
  0C:038B    A$usart$1082
  0C:038C    A$usart$1083
  0C:038D    A$usart$1084
  0C:038E    A$usart$1085
  0C:038F    A$usart$1086
  0C:0390    A$usart$1087
  0C:0391    A$usart$1088
  0C:0392    A$usart$1089
  0C:0393    A$usart$1090
  0C:0394    A$usart$1091
  0C:0395    A$usart$1092
  0C:0396    A$usart$1093
  0C:0397    A$usart$1094
  0C:0398    A$usart$1095
  0C:0399    A$usart$1099
  0C:0399    C$usart.c$139$1$1
  0C:039A    A$usart$1100
  0C:039B    A$usart$1101
  0C:039C    A$usart$1102
  0C:039D    A$usart$1103
  0C:039E    A$usart$1104
  0C:039F    A$usart$1105
  0C:03A0    A$usart$1106
  0C:03A2    A$usart$1107
  0C:03A3    A$usart$1108
  0C:03A4    A$usart$1109
  0C:03A5    A$usart$1112
  0C:03A5    C$usart.c$140$1$1
  0C:03A7    A$usart$1113
  0C:03A9    A$usart$1116
  0C:03A9    C$usart.c$141$1$1
  0C:03AB    A$usart$1119
  0C:03AB    C$usart.c$142$1$1
  0C:03AE    A$usart$1122
  0C:03AE    C$usart.c$143$1$1
  0C:03B1    A$usart$1125
  0C:03B1    C$usart.c$144$1$1
  0C:03B4    A$usart$1128
  0C:03B4    C$usart.c$146$1$1
  0C:03B7    A$usart$1131
  0C:03B7    C$usart.c$147$1$1
  0C:03B7    XG$UsartSetBaudrate$0$0
  0C:03B8    A$usart$1144
  0C:03B8    C$usart.c$153$1$1
  0C:03B8    G$UsartPutcharBlocking$0$0
  0C:03B8    _UsartPutcharBlocking
  0C:03BA    A$usart$1147
  0C:03BA    C$usart.c$155$1$1
  0C:03BC    A$usart$1150
  0C:03BC    C$usart.c$156$1$1
  0C:03BE    A$usart$1154
  0C:03BE    C$usart.c$157$1$1
  0C:03C1    A$usart$1157
  0C:03C1    C$usart.c$158$1$1
  0C:03C1    XG$UsartPutcharBlocking$0$0
  0C:03C2    A$usart$1173
  0C:03C2    C$usart.c$164$1$1
  0C:03C2    C$usart.c$167$1$1
  0C:03C2    G$UsartGetcharBlocking$0$0
  0C:03C2    _UsartGetcharBlocking
  0C:03C5    A$usart$1176
  0C:03C5    C$usart.c$168$1$1
  0C:03C8    A$usart$1179
  0C:03C8    C$usart.c$169$1$1
  0C:03CA    A$usart$1184
  0C:03CA    C$usart.c$170$1$1
  0C:03CA    C$usart.c$171$1$1
  0C:03CA    XG$UsartGetcharBlocking$0$0
  0C:03CB    A$usart$1199
  0C:03CB    C$usart.c$177$1$1
  0C:03CB    C$usart.c$179$1$1
  0C:03CB    G$putchar$0$0
  0C:03CB    _putchar
  0C:03CD    A$usart$1200
  0C:03CF    A$usart$1201
  0C:03D1    A$usart$1202
  0C:03D3    A$usart$1203
  0C:03D5    A$usart$1204
  0C:03D7    A$usart$1205
  0C:03D8    A$usart$1209
  0C:03D8    C$usart.c$180$1$1
  0C:03D8    XG$putchar$0$0
  0C:03D9    A$usart$1223
  0C:03D9    C$usart.c$186$1$1
  0C:03D9    C$usart.c$188$1$1
  0C:03D9    G$getchar$0$0
  0C:03D9    _getchar
  0C:03DC    A$usart$1224
  0C:03DF    A$usart$1227
  0C:03DF    C$usart.c$189$1$1
  0C:03DF    XG$getchar$0$0
  0C:03E2    A$usart$1240
  0C:03E2    C$usart.c$195$1$1
  0C:03E2    G$SetPutcharFnc$0$0
  0C:03E2    _SetPutcharFnc
  0C:03E5    A$usart$1241
  0C:03E8    A$usart$1246
  0C:03E8    C$usart.c$197$1$1
  0C:03E8    C$usart.c$198$1$1
  0C:03E8    XG$SetPutcharFnc$0$0
  0C:03E9    A$usart$1259
  0C:03E9    C$usart.c$204$1$1
  0C:03E9    G$SetGetcharFnc$0$0
  0C:03E9    _SetGetcharFnc
  0C:03EC    A$usart$1260
  0C:03EF    A$usart$1265
  0C:03EF    C$usart.c$206$1$1
  0C:03EF    C$usart.c$207$1$1
  0C:03EF    XG$SetGetcharFnc$0$0
  0C:03F0    A$usart$1281
  0C:03F0    C$usart.c$213$1$1
  0C:03F0    G$ngets$0$0
  0C:03F0    _ngets
  0C:03F2    A$usart$1284
  0C:03F2    C$usart.c$216$1$1
  0C:03F4    A$usart$1288
  0C:03F4    C$usart.c$217$1$1
  0C:03F5    A$usart$1289
  0C:03F6    A$usart$1290
  0C:03F7    A$usart$1291
  0C:03F9    A$usart$1292
  0C:03FC    A$usart$1296
  0C:03FC    C$usart.c$219$2$2
  0C:03FE    A$usart$1297
  0C:0400    A$usart$1298
  0C:0403    A$usart$1299
  0C:0405    A$usart$1300
  0C:0407    A$usart$1301
  0C:0409    A$usart$1304
  0C:0409    C$usart.c$220$2$2
  0C:040C    A$usart$1305
  0C:040E    A$usart$1307
  0C:0411    A$usart$1308
  0C:0413    A$usart$1312
  0C:0413    C$usart.c$223$3$3
  0C:0416    A$usart$1313
  0C:0418    A$usart$1317
  0C:0418    C$usart.c$225$4$4
  0C:0419    A$usart$1318
  0C:041B    A$usart$1321
  0C:041B    C$usart.c$228$5$5
  0C:041D    A$usart$1322
  0C:041F    A$usart$1323
  0C:0422    A$usart$1324
  0C:0424    A$usart$1326
  0C:0426    A$usart$1327
  0C:0428    A$usart$1328
  0C:042A    A$usart$1329
  0C:042C    A$usart$1330
  0C:042E    A$usart$1331
  0C:0430    A$usart$1332
  0C:0431    A$usart$1333
  0C:0434    A$usart$1336
  0C:0434    C$usart.c$229$5$5
  0C:0435    A$usart$1339
  0C:0435    C$usart.c$231$5$5
  0C:0438    A$usart$1340
  0C:043A    A$usart$1341
  0C:043C    A$usart$1342
  0C:043F    A$usart$1345
  0C:043F    C$usart.c$232$5$5
  0C:0442    A$usart$1346
  0C:0445    A$usart$1349
  0C:0445    C$usart.c$233$5$5
  0C:0448    A$usart$1350
  0C:044B    A$usart$1351
  0C:044D    A$usart$1352
  0C:044F    A$usart$1357
  0C:044F    C$usart.c$235$4$4
  0C:044F    C$usart.c$240$3$3
  0C:0451    A$usart$1361
  0C:0451    C$usart.c$243$4$6
  0C:0453    A$usart$1362
  0C:0455    A$usart$1363
  0C:0457    A$usart$1364
  0C:0459    A$usart$1365
  0C:045B    A$usart$1366
  0C:045D    A$usart$1367
  0C:045E    A$usart$1368
  0C:0461    A$usart$1371
  0C:0461    C$usart.c$245$4$6
  0C:0464    A$usart$1372
  0C:0466    A$usart$1373
  0C:0468    A$usart$1374
  0C:046A    A$usart$1375
  0C:046D    A$usart$1378
  0C:046D    C$usart.c$246$4$6
  0C:0470    A$usart$1379
  0C:0473    A$usart$1380
  0C:0475    A$usart$1381
  0C:0477    A$usart$1382
  0C:0479    A$usart$1385
  0C:0479    C$usart.c$248$4$6
  0C:047B    A$usart$1386
  0C:047D    A$usart$1387
  0C:047F    A$usart$1390
  0C:047F    C$usart.c$252$3$3
  0C:0480    A$usart$1394
  0C:0480    C$usart.c$255$4$7
  0C:0482    A$usart$1395
  0C:0484    A$usart$1396
  0C:0486    A$usart$1397
  0C:0488    A$usart$1398
  0C:048A    A$usart$1399
  0C:048C    A$usart$1400
  0C:048D    A$usart$1401
  0C:0490    A$usart$1402
  0C:0492    A$usart$1403
  0C:0493    A$usart$1404
  0C:0495    A$usart$1405
  0C:0496    A$usart$1406
  0C:0497    A$usart$1407
  0C:0499    A$usart$1408
  0C:049B    A$usart$1411
  0C:049B    C$usart.c$257$4$7
  0C:049C    A$usart$1414
  0C:049C    C$usart.c$259$4$7
  0C:049E    A$usart$1415
  0C:04A0    A$usart$1416
  0C:04A2    A$usart$1417
  0C:04A5    A$usart$1418
  0C:04A7    A$usart$1419
  0C:04A9    A$usart$1422
  0C:04A9    C$usart.c$262$1$1
  0C:04AC    A$usart$1426
  0C:04AC    C$usart.c$266$1$1
  0C:04AE    A$usart$1427
  0C:04B0    A$usart$1428
  0C:04B3    A$usart$1429
  0C:04B5    A$usart$1431
  0C:04B7    A$usart$1432
  0C:04B9    A$usart$1433
  0C:04BB    A$usart$1434
  0C:04BD    A$usart$1435
  0C:04BF    A$usart$1436
  0C:04C1    A$usart$1437
  0C:04C2    A$usart$1438
  0C:04C5    A$usart$1441
  0C:04C5    C$usart.c$267$1$1
  0C:04C7    A$usart$1442
  0C:04C9    A$usart$1443
  0C:04CB    A$usart$1446
  0C:04CB    C$usart.c$268$1$1
  0C:04CB    XG$ngets$0$0
  0C:04CC    __divulong
  0C:0531    A$pca$668
  0C:0531    C$pca.c$29$0$0
  0C:0531    G$PcaInit$0$0
  0C:0531    _PcaInit
  0C:0533    A$pca$671
  0C:0533    C$pca.c$31$1$1
  0C:0536    A$pca$674
  0C:0536    C$pca.c$32$1$1
  0C:0538    A$pca$675
  0C:0539    A$pca$676
  0C:053B    A$pca$677
  0C:053D    A$pca$680
  0C:053D    C$pca.c$33$1$1
  0C:0540    A$pca$683
  0C:0540    C$pca.c$34$1$1
  0C:0543    A$pca$686
  0C:0543    C$pca.c$35$1$1
  0C:0545    A$pca$689
  0C:0545    C$pca.c$36$1$1
  0C:0545    XG$PcaInit$0$0
  0C:0546    A$pca$703
  0C:0546    C$pca.c$44$1$1
  0C:0546    G$PcaInitModul$0$0
  0C:0546    _PcaInitModul
  0C:0548    A$pca$706
  0C:0548    C$pca.c$46$1$1
  0C:054B    A$pca$707
  0C:054D    A$pca$711
  0C:054D    C$pca.c$48$2$2
  0C:0550    A$pca$712
  0C:0552    A$pca$716
  0C:0552    C$pca.c$50$3$3
  0C:0555    A$pca$719
  0C:0555    C$pca.c$51$3$3
  0C:0557    A$pca$720
  0C:0559    A$pca$723
  0C:0559    C$pca.c$52$3$3
  0C:055C    A$pca$728
  0C:055C    C$pca.c$53$3$3
  0C:055C    C$pca.c$56$2$2
  0C:055D    A$pca$732
  0C:055D    C$pca.c$58$3$4
  0C:0560    A$pca$735
  0C:0560    C$pca.c$59$3$4
  0C:0562    A$pca$736
  0C:0564    A$pca$739
  0C:0564    C$pca.c$60$3$4
  0C:0567    A$pca$745
  0C:0567    C$pca.c$63$1$1
  0C:0567    C$pca.c$64$1$1
  0C:0567    XG$PcaInitModul$0$0
  0C:0568    A$pca$758
  0C:0568    C$pca.c$72$1$1
  0C:0568    G$PcaGetMode$0$0
  0C:0568    _PcaGetMode
  0C:056A    A$pca$761
  0C:056A    C$pca.c$74$1$1
  0C:056D    A$pca$762
  0C:056F    A$pca$766
  0C:056F    C$pca.c$76$2$2
  0C:0572    A$pca$767
  0C:0574    A$pca$771
  0C:0574    C$pca.c$78$3$3
  0C:0576    A$pca$772
  0C:0578    A$pca$773
  0C:057A    A$pca$776
  0C:057A    C$pca.c$82$2$2
  0C:057B    A$pca$780
  0C:057B    C$pca.c$84$3$4
  0C:057D    A$pca$781
  0C:057F    A$pca$782
  0C:0581    A$pca$791
  0C:0581    C$pca.c$87$2$2
  0C:0581    C$pca.c$89$3$5
  0C:0581    C$pca.c$92$1$1
  0C:0581    C$pca.c$93$1$1
  0C:0581    XG$PcaGetMode$0$0
  0C:0582    A$pca$793
  0C:0585    A$pca$794
  0C:0586    A$pca$810
  0C:0586    C$pca.c$105$1$1
  0C:0586    C$pca.c$107$1$1
  0C:0586    G$PcaSetPwm$0$0
  0C:0586    _PcaSetPwm
  0C:0588    A$pca$811
  0C:058A    A$pca$812
  0C:058D    A$pca$813
  0C:058F    A$pca$814
  0C:0591    A$pca$815
  0C:0594    A$pca$816
  0C:0596    A$pca$820
  0C:0596    C$pca.c$109$2$2
  0C:0599    A$pca$821
  0C:059A    A$pca$825
  0C:059A    C$pca.c$112$1$1
  0C:059D    A$pca$826
  0C:059F    A$pca$830
  0C:059F    C$pca.c$114$2$3
  0C:05A2    A$pca$831
  0C:05A4    A$pca$835
  0C:05A4    C$pca.c$116$3$4
  0C:05A7    A$pca$838
  0C:05A7    C$pca.c$117$3$4
  0C:05AA    A$pca$843
  0C:05AA    C$pca.c$118$3$4
  0C:05AA    C$pca.c$121$2$3
  0C:05AC    A$pca$847
  0C:05AC    C$pca.c$123$3$5
  0C:05AF    A$pca$850
  0C:05AF    C$pca.c$124$3$5
  0C:05B2    A$pca$855
  0C:05B2    C$pca.c$125$3$5
  0C:05B2    C$pca.c$128$2$3
  0C:05B4    A$pca$859
  0C:05B4    C$pca.c$130$3$6
  0C:05B7    A$pca$866
  0C:05B7    C$pca.c$133$1$1
  0C:05B7    C$pca.c$135$1$1
  0C:05B7    C$pca.c$136$1$1
  0C:05B7    XG$PcaSetPwm$0$0
  0C:05B8    A$pca$868
  0C:05BB    A$pca$869
  0C:05BC    A$sysCfg$642
  0C:05BC    C$sysCfg.c$27$0$0
  0C:05BC    G$SysInit$0$0
  0C:05BC    _SysInit
  0C:05BE    A$sysCfg$643
  0C:05C0    A$sysCfg$644
  0C:05C2    A$sysCfg$645
  0C:05C3    A$sysCfg$648
  0C:05C3    C$sysCfg.c$30$1$1
  0C:05C4    A$sysCfg$649
  0C:05C5    A$sysCfg$650
  0C:05C6    A$sysCfg$651
  0C:05C8    A$sysCfg$652
  0C:05C9    A$sysCfg$653
  0C:05CB    A$sysCfg$654
  0C:05CC    A$sysCfg$655
  0C:05CE    A$sysCfg$656
  0C:05CF    A$sysCfg$657
  0C:05D1    A$sysCfg$660
  0C:05D1    C$sysCfg.c$32$2$2
  0C:05D4    A$sysCfg$664
  0C:05D4    C$sysCfg.c$36$1$1
  0C:05D7    A$sysCfg$667
  0C:05D7    C$sysCfg.c$37$1$1
  0C:05D9    A$sysCfg$668
  0C:05DB    A$sysCfg$669
  0C:05DD    A$sysCfg$672
  0C:05DD    C$sysCfg.c$38$1$1
  0C:05DF    A$sysCfg$673
  0C:05E1    A$sysCfg$674
  0C:05E3    A$sysCfg$675
  0C:05E5    A$sysCfg$678
  0C:05E5    C$sysCfg.c$39$1$1
  0C:05E5    XG$SysInit$0$0
  0C:05E6    A$sysCfg$692
  0C:05E6    C$sysCfg.c$46$1$1
  0C:05E6    C$sysCfg.c$48$1$1
  0C:05E6    G$SysGetQuarzFreq$0$0
  0C:05E6    _SysGetQuarzFreq
  0C:05E9    A$sysCfg$693
  0C:05EC    A$sysCfg$694
  0C:05EF    A$sysCfg$695
  0C:05F1    A$sysCfg$698
  0C:05F1    C$sysCfg.c$49$1$1
  0C:05F1    XG$SysGetQuarzFreq$0$0
  0C:05F2    A$sysCfg$712
  0C:05F2    C$sysCfg.c$58$1$1
  0C:05F2    C$sysCfg.c$60$1$1
  0C:05F2    G$SysGetX2Mode$0$0
  0C:05F2    _SysGetX2Mode
  0C:05F4    A$sysCfg$713
  0C:05F6    A$sysCfg$714
  0C:05F8    A$sysCfg$717
  0C:05F8    C$sysCfg.c$61$1$1
  0C:05F8    XG$SysGetX2Mode$0$0
  0C:05F9    A$adc$640
  0C:05F9    C$adc.c$25$0$0
  0C:05F9    G$AdcInit$0$0
  0C:05F9    _AdcInit
  0C:05FB    A$adc$643
  0C:05FB    C$adc.c$30$1$1
  0C:05FD    A$adc$644
  0C:0600    A$adc$645
  0C:0603    A$adc$646
  0C:0606    A$adc$647
  0C:0609    A$adc$648
  0C:060C    A$adc$649
  0C:060F    A$adc$650
  0C:0611    A$adc$653
  0C:0611    C$adc.c$31$1$1
  0C:0613    A$adc$654
  0C:0616    A$adc$655
  0C:0618    A$adc$656
  0C:061A    A$adc$657
  0C:061C    A$adc$658
  0C:061E    A$adc$659
  0C:0620    A$adc$660
  0C:0621    A$adc$661
  0C:0623    A$adc$663
  0C:0625    A$adc$665
  0C:0628    A$adc$666
  0C:0629    A$adc$669
  0C:0629    C$adc.c$33$1$1
  0C:062C    A$adc$671
  0C:062E    A$adc$674
  0C:062E    C$adc.c$35$2$2
  0C:0630    A$adc$675
  0C:0631    A$adc$676
  0C:0633    A$adc$677
  0C:0635    A$adc$681
  0C:0635    C$adc.c$39$2$3
  0C:0638    A$adc$685
  0C:0638    C$adc.c$41$1$1
  0C:063A    A$adc$688
  0C:063A    C$adc.c$42$1$1
  0C:063D    A$adc$691
  0C:063D    C$adc.c$43$1$1
  0C:063D    XG$AdcInit$0$0
  0C:063E    A$adc$706
  0C:063E    C$adc.c$50$1$1
  0C:063E    C$adc.c$52$1$1
  0C:063E    G$AdcSetChannels$0$0
  0C:063E    _AdcSetChannels
  0C:0640    A$adc$707
  0C:0642    A$adc$710
  0C:0642    C$adc.c$53$1$1
  0C:0642    XG$AdcSetChannels$0$0
  0C:0643    A$adc$725
  0C:0643    C$adc.c$60$1$1
  0C:0643    C$adc.c$62$1$1
  0C:0643    G$AdcClearChannels$0$0
  0C:0643    _AdcClearChannels
  0C:0645    A$adc$726
  0C:0646    A$adc$727
  0C:0648    A$adc$730
  0C:0648    C$adc.c$63$1$1
  0C:0648    XG$AdcClearChannels$0$0
  0C:0649    A$adc$744
  0C:0649    C$adc.c$76$1$1
  0C:0649    G$Adc10BitConversion$0$0
  0C:0649    _Adc10BitConversion
  0C:064B    A$adc$747
  0C:064B    C$adc.c$78$1$1
  0C:064D    A$adc$748
  0C:064F    A$adc$751
  0C:064F    C$adc.c$81$1$1
  0C:0652    A$adc$754
  0C:0652    C$adc.c$82$1$1
  0C:0654    A$adc$755
  0C:0656    A$adc$756
  0C:0658    A$adc$757
  0C:065A    A$adc$758
  0C:065C    A$adc$760
  0C:065D    A$adc$761
  0C:065E    A$adc$762
  0C:065F    A$adc$763
  0C:0660    A$adc$764
  0C:0661    A$adc$765
  0C:0662    A$adc$767
  0C:0665    A$adc$768
  0C:0667    A$adc$769
  0C:0669    A$adc$770
  0C:066A    A$adc$771
  0C:066C    A$adc$772
  0C:066D    A$adc$773
  0C:066F    A$adc$774
  0C:0670    A$adc$775
  0C:0671    A$adc$776
  0C:0673    A$adc$779
  0C:0673    C$adc.c$85$2$2
  0C:0676    A$adc$782
  0C:0676    C$adc.c$86$2$2
  0C:0677    A$adc$783
  0C:0679    A$adc$786
  0C:0679    C$adc.c$88$2$2
  0C:067C    A$adc$792
  0C:067C    C$adc.c$90$2$2
  0C:067C    C$adc.c$92$3$3
  0C:067E    A$adc$793
  0C:0680    A$adc$794
  0C:0681    A$adc$795
  0C:0684    A$adc$798
  0C:0684    C$adc.c$98$2$2
  0C:0687    A$adc$801
  0C:0687    C$adc.c$100$2$2
  0C:0689    A$adc$802
  0C:068A    A$adc$803
  0C:068B    A$adc$804
  0C:068D    A$adc$805
  0C:068E    A$adc$806
  0C:068F    A$adc$807
  0C:0690    A$adc$808
  0C:0692    A$adc$809
  0C:0693    A$adc$810
  0C:0694    A$adc$811
  0C:0695    A$adc$812
  0C:0697    A$adc$813
  0C:0699    A$adc$814
  0C:069A    A$adc$815
  0C:069B    A$adc$816
  0C:069C    A$adc$817
  0C:069D    A$adc$818
  0C:069E    A$adc$819
  0C:069F    A$adc$823
  0C:069F    C$adc.c$102$1$1
  0C:06A1    A$adc$824
  0C:06A3    A$adc$827
  0C:06A3    C$adc.c$103$1$1
  0C:06A3    XG$Adc10BitConversion$0$0
  0C:06A4    A$adc$840
  0C:06A4    C$adc.c$114$1$1
  0C:06A4    G$AdcStart10BitConversion$0$0
  0C:06A4    _AdcStart10BitConversion
  0C:06A6    A$adc$843
  0C:06A6    C$adc.c$117$1$1
  0C:06A9    A$adc$846
  0C:06A9    C$adc.c$118$1$1
  0C:06AB    A$adc$847
  0C:06AD    A$adc$848
  0C:06AF    A$adc$849
  0C:06B1    A$adc$850
  0C:06B3    A$adc$852
  0C:06B4    A$adc$853
  0C:06B5    A$adc$854
  0C:06B6    A$adc$855
  0C:06B7    A$adc$856
  0C:06B8    A$adc$857
  0C:06B9    A$adc$859
  0C:06BC    A$adc$860
  0C:06BE    A$adc$861
  0C:06C0    A$adc$862
  0C:06C1    A$adc$863
  0C:06C3    A$adc$864
  0C:06C4    A$adc$865
  0C:06C6    A$adc$866
  0C:06C7    A$adc$867
  0C:06C8    A$adc$868
  0C:06CA    A$adc$871
  0C:06CA    C$adc.c$121$2$2
  0C:06CD    A$adc$874
  0C:06CD    C$adc.c$122$2$2
  0C:06CE    A$adc$875
  0C:06D0    A$adc$878
  0C:06D0    C$adc.c$124$2$2
  0C:06D3    A$adc$882
  0C:06D3    C$adc.c$126$2$1
  0C:06D3    XG$AdcStart10BitConversion$0$0
  0C:06D4    A$adc$896
  0C:06D4    C$adc.c$137$2$1
  0C:06D4    C$adc.c$139$1$1
  0C:06D4    G$AdcConversionReady$0$0
  0C:06D4    _AdcConversionReady
  0C:06D6    A$adc$897
  0C:06D8    A$adc$898
  0C:06D9    A$adc$899
  0C:06DC    A$adc$902
  0C:06DC    C$adc.c$141$2$2
  0C:06DF    A$adc$907
  0C:06DF    C$adc.c$145$2$3
  0C:06DF    C$adc.c$147$1$1
  0C:06DF    XG$AdcConversionReady$0$0
  0C:06E0    A$adc$909
  0C:06E3    A$adc$910
  0C:06E4    A$isrvectors$772
  0C:06E4    C$isrvectors.c$38$0$0
  0C:06E4    C$isrvectors.c$40$1$1
  0C:06E4    C$isrvectors.c$41$1$1
  0C:06E4    C$isrvectors.c$42$1$1
  0C:06E4    C$isrvectors.c$43$1$1
  0C:06E4    G$IsrInit$0$0
  0C:06E4    _IsrInit
  0C:06E5    A$isrvectors$773
  0C:06E7    A$isrvectors$774
  0C:06E9    A$isrvectors$775
  0C:06EB    A$isrvectors$776
  0C:06ED    A$isrvectors$777
  0C:06EF    A$isrvectors$778
  0C:06F1    A$isrvectors$779
  0C:06F3    A$isrvectors$780
  0C:06F5    A$isrvectors$789
  0C:06F5    C$isrvectors.c$44$1$1
  0C:06F5    C$isrvectors.c$45$1$1
  0C:06F5    C$isrvectors.c$46$1$1
  0C:06F5    C$isrvectors.c$47$1$1
  0C:06F6    A$isrvectors$790
  0C:06F8    A$isrvectors$791
  0C:06FA    A$isrvectors$792
  0C:06FC    A$isrvectors$793
  0C:06FE    A$isrvectors$794
  0C:0700    A$isrvectors$795
  0C:0702    A$isrvectors$796
  0C:0704    A$isrvectors$797
  0C:0706    A$isrvectors$802
  0C:0706    C$isrvectors.c$48$1$1
  0C:0706    C$isrvectors.c$49$1$1
  0C:0707    A$isrvectors$803
  0C:0709    A$isrvectors$804
  0C:070B    A$isrvectors$805
  0C:070D    A$isrvectors$806
  0C:070F    A$isrvectors$809
  0C:070F    C$isrvectors.c$51$1$1
  0C:070F    XG$IsrInit$0$0
  0C:0710    A$isrvectors$821
  0C:0710    C$isrvectors.c$58$1$1
  0C:0710    G$IsrExt0$0$0
  0C:0710    _IsrExt0
  0C:0712    A$isrvectors$822
  0C:0714    A$isrvectors$823
  0C:0716    A$isrvectors$824
  0C:0718    A$isrvectors$825
  0C:071A    A$isrvectors$826
  0C:071C    A$isrvectors$827
  0C:071E    A$isrvectors$828
  0C:0720    A$isrvectors$829
  0C:0722    A$isrvectors$830
  0C:0724    A$isrvectors$831
  0C:0726    A$isrvectors$832
  0C:0728    A$isrvectors$833
  0C:072A    A$isrvectors$834
  0C:072C    A$isrvectors$835
  0C:072F    A$isrvectors$838
  0C:072F    C$isrvectors.c$60$1$1
  0C:0731    A$isrvectors$841
  0C:0731    C$isrvectors.c$61$1$1
  0C:0733    A$isrvectors$842
  0C:0735    A$isrvectors$843
  0C:0737    A$isrvectors$846
  0C:0737    C$isrvectors.c$63$2$2
  0C:073A    A$isrvectors$847
  0C:073D    A$isrvectors$848
  0C:0740    A$isrvectors$852
  0C:0740    C$isrvectors.c$65$1$1
  0C:0742    A$isrvectors$855
  0C:0742    C$isrvectors.c$66$1$1
  0C:0744    A$isrvectors$856
  0C:0746    A$isrvectors$857
  0C:0748    A$isrvectors$858
  0C:074A    A$isrvectors$859
  0C:074C    A$isrvectors$860
  0C:074E    A$isrvectors$861
  0C:0750    A$isrvectors$862
  0C:0752    A$isrvectors$863
  0C:0754    A$isrvectors$864
  0C:0756    A$isrvectors$865
  0C:0758    A$isrvectors$866
  0C:075A    A$isrvectors$867
  0C:075C    A$isrvectors$868
  0C:075E    A$isrvectors$869
  0C:0760    A$isrvectors$872
  0C:0760    C$isrvectors.c$67$1$1
  0C:0760    XG$IsrExt0$0$0
  0C:0761    A$isrvectors$884
  0C:0761    C$isrvectors.c$74$1$1
  0C:0761    G$IsrTmr0$0$0
  0C:0761    _IsrTmr0
  0C:0763    A$isrvectors$885
  0C:0765    A$isrvectors$886
  0C:0767    A$isrvectors$887
  0C:0769    A$isrvectors$888
  0C:076B    A$isrvectors$889
  0C:076D    A$isrvectors$890
  0C:076F    A$isrvectors$891
  0C:0771    A$isrvectors$892
  0C:0773    A$isrvectors$893
  0C:0775    A$isrvectors$894
  0C:0777    A$isrvectors$895
  0C:0779    A$isrvectors$896
  0C:077B    A$isrvectors$897
  0C:077D    A$isrvectors$898
  0C:0780    A$isrvectors$901
  0C:0780    C$isrvectors.c$76$1$1
  0C:0782    A$isrvectors$902
  0C:0784    A$isrvectors$903
  0C:0786    A$isrvectors$906
  0C:0786    C$isrvectors.c$78$2$2
  0C:0789    A$isrvectors$907
  0C:078C    A$isrvectors$908
  0C:078F    A$isrvectors$912
  0C:078F    C$isrvectors.c$80$1$1
  0C:0791    A$isrvectors$913
  0C:0793    A$isrvectors$914
  0C:0795    A$isrvectors$915
  0C:0797    A$isrvectors$916
  0C:0799    A$isrvectors$917
  0C:079B    A$isrvectors$918
  0C:079D    A$isrvectors$919
  0C:079F    A$isrvectors$920
  0C:07A1    A$isrvectors$921
  0C:07A3    A$isrvectors$922
  0C:07A5    A$isrvectors$923
  0C:07A7    A$isrvectors$924
  0C:07A9    A$isrvectors$925
  0C:07AB    A$isrvectors$926
  0C:07AD    A$isrvectors$929
  0C:07AD    C$isrvectors.c$81$1$1
  0C:07AD    XG$IsrTmr0$0$0
  0C:07AE    A$isrvectors$941
  0C:07AE    C$isrvectors.c$88$1$1
  0C:07AE    G$IsrExt1$0$0
  0C:07AE    _IsrExt1
  0C:07B0    A$isrvectors$942
  0C:07B2    A$isrvectors$943
  0C:07B4    A$isrvectors$944
  0C:07B6    A$isrvectors$945
  0C:07B8    A$isrvectors$946
  0C:07BA    A$isrvectors$947
  0C:07BC    A$isrvectors$948
  0C:07BE    A$isrvectors$949
  0C:07C0    A$isrvectors$950
  0C:07C2    A$isrvectors$951
  0C:07C4    A$isrvectors$952
  0C:07C6    A$isrvectors$953
  0C:07C8    A$isrvectors$954
  0C:07CA    A$isrvectors$955
  0C:07CD    A$isrvectors$958
  0C:07CD    C$isrvectors.c$90$1$1
  0C:07CF    A$isrvectors$961
  0C:07CF    C$isrvectors.c$91$1$1
  0C:07D1    A$isrvectors$962
  0C:07D3    A$isrvectors$963
  0C:07D5    A$isrvectors$966
  0C:07D5    C$isrvectors.c$93$2$2
  0C:07D8    A$isrvectors$967
  0C:07DB    A$isrvectors$968
  0C:07DE    A$isrvectors$972
  0C:07DE    C$isrvectors.c$95$1$1
  0C:07E0    A$isrvectors$975
  0C:07E0    C$isrvectors.c$96$1$1
  0C:07E2    A$isrvectors$976
  0C:07E4    A$isrvectors$977
  0C:07E6    A$isrvectors$978
  0C:07E8    A$isrvectors$979
  0C:07EA    A$isrvectors$980
  0C:07EC    A$isrvectors$981
  0C:07EE    A$isrvectors$982
  0C:07F0    A$isrvectors$983
  0C:07F2    A$isrvectors$984
  0C:07F4    A$isrvectors$985
  0C:07F6    A$isrvectors$986
  0C:07F8    A$isrvectors$987
  0C:07FA    A$isrvectors$988
  0C:07FC    A$isrvectors$989
  0C:07FE    A$isrvectors$992
  0C:07FE    C$isrvectors.c$97$1$1
  0C:07FE    XG$IsrExt1$0$0
  0C:07FF    A$isrvectors$1004
  0C:07FF    C$isrvectors.c$104$1$1
  0C:07FF    G$IsrTmr1$0$0
  0C:07FF    _IsrTmr1
  0C:0801    A$isrvectors$1005
  0C:0803    A$isrvectors$1006
  0C:0805    A$isrvectors$1007
  0C:0807    A$isrvectors$1008
  0C:0809    A$isrvectors$1009
  0C:080B    A$isrvectors$1010
  0C:080D    A$isrvectors$1011
  0C:080F    A$isrvectors$1012
  0C:0811    A$isrvectors$1013
  0C:0813    A$isrvectors$1014
  0C:0815    A$isrvectors$1015
  0C:0817    A$isrvectors$1016
  0C:0819    A$isrvectors$1017
  0C:081B    A$isrvectors$1018
  0C:081E    A$isrvectors$1021
  0C:081E    C$isrvectors.c$106$1$1
  0C:0820    A$isrvectors$1022
  0C:0822    A$isrvectors$1023
  0C:0824    A$isrvectors$1026
  0C:0824    C$isrvectors.c$108$2$2
  0C:0827    A$isrvectors$1027
  0C:082A    A$isrvectors$1028
  0C:082D    A$isrvectors$1032
  0C:082D    C$isrvectors.c$110$1$1
  0C:082F    A$isrvectors$1033
  0C:0831    A$isrvectors$1034
  0C:0833    A$isrvectors$1035
  0C:0835    A$isrvectors$1036
  0C:0837    A$isrvectors$1037
  0C:0839    A$isrvectors$1038
  0C:083B    A$isrvectors$1039
  0C:083D    A$isrvectors$1040
  0C:083F    A$isrvectors$1041
  0C:0841    A$isrvectors$1042
  0C:0843    A$isrvectors$1043
  0C:0845    A$isrvectors$1044
  0C:0847    A$isrvectors$1045
  0C:0849    A$isrvectors$1046
  0C:084B    A$isrvectors$1049
  0C:084B    C$isrvectors.c$111$1$1
  0C:084B    XG$IsrTmr1$0$0
  0C:084C    A$isrvectors$1061
  0C:084C    C$isrvectors.c$118$1$1
  0C:084C    G$IsrUart$0$0
  0C:084C    _IsrUart
  0C:084E    A$isrvectors$1062
  0C:0850    A$isrvectors$1063
  0C:0852    A$isrvectors$1064
  0C:0854    A$isrvectors$1065
  0C:0856    A$isrvectors$1066
  0C:0858    A$isrvectors$1067
  0C:085A    A$isrvectors$1068
  0C:085C    A$isrvectors$1069
  0C:085E    A$isrvectors$1070
  0C:0860    A$isrvectors$1071
  0C:0862    A$isrvectors$1072
  0C:0864    A$isrvectors$1073
  0C:0866    A$isrvectors$1074
  0C:0868    A$isrvectors$1075
  0C:086B    A$isrvectors$1078
  0C:086B    C$isrvectors.c$120$1$1
  0C:086D    A$isrvectors$1079
  0C:086F    A$isrvectors$1080
  0C:0871    A$isrvectors$1083
  0C:0871    C$isrvectors.c$122$2$2
  0C:0874    A$isrvectors$1084
  0C:0877    A$isrvectors$1085
  0C:087A    A$isrvectors$1089
  0C:087A    C$isrvectors.c$125$1$1
  0C:087C    A$isrvectors$1092
  0C:087C    C$isrvectors.c$126$1$1
  0C:087E    A$isrvectors$1093
  0C:0880    A$isrvectors$1094
  0C:0882    A$isrvectors$1095
  0C:0884    A$isrvectors$1096
  0C:0886    A$isrvectors$1097
  0C:0888    A$isrvectors$1098
  0C:088A    A$isrvectors$1099
  0C:088C    A$isrvectors$1100
  0C:088E    A$isrvectors$1101
  0C:0890    A$isrvectors$1102
  0C:0892    A$isrvectors$1103
  0C:0894    A$isrvectors$1104
  0C:0896    A$isrvectors$1105
  0C:0898    A$isrvectors$1106
  0C:089A    A$isrvectors$1109
  0C:089A    C$isrvectors.c$127$1$1
  0C:089A    XG$IsrUart$0$0
  0C:089B    A$isrvectors$1121
  0C:089B    C$isrvectors.c$134$1$1
  0C:089B    G$IsrTmr2$0$0
  0C:089B    _IsrTmr2
  0C:089D    A$isrvectors$1122
  0C:089F    A$isrvectors$1123
  0C:08A1    A$isrvectors$1124
  0C:08A3    A$isrvectors$1125
  0C:08A5    A$isrvectors$1126
  0C:08A7    A$isrvectors$1127
  0C:08A9    A$isrvectors$1128
  0C:08AB    A$isrvectors$1129
  0C:08AD    A$isrvectors$1130
  0C:08AF    A$isrvectors$1131
  0C:08B1    A$isrvectors$1132
  0C:08B3    A$isrvectors$1133
  0C:08B5    A$isrvectors$1134
  0C:08B7    A$isrvectors$1135
  0C:08BA    A$isrvectors$1138
  0C:08BA    C$isrvectors.c$136$1$1
  0C:08BC    A$isrvectors$1139
  0C:08BE    A$isrvectors$1140
  0C:08C0    A$isrvectors$1143
  0C:08C0    C$isrvectors.c$138$2$2
  0C:08C3    A$isrvectors$1144
  0C:08C6    A$isrvectors$1145
  0C:08C9    A$isrvectors$1149
  0C:08C9    C$isrvectors.c$140$1$1
  0C:08CB    A$isrvectors$1152
  0C:08CB    C$isrvectors.c$141$1$1
  0C:08CD    A$isrvectors$1153
  0C:08CF    A$isrvectors$1154
  0C:08D1    A$isrvectors$1155
  0C:08D3    A$isrvectors$1156
  0C:08D5    A$isrvectors$1157
  0C:08D7    A$isrvectors$1158
  0C:08D9    A$isrvectors$1159
  0C:08DB    A$isrvectors$1160
  0C:08DD    A$isrvectors$1161
  0C:08DF    A$isrvectors$1162
  0C:08E1    A$isrvectors$1163
  0C:08E3    A$isrvectors$1164
  0C:08E5    A$isrvectors$1165
  0C:08E7    A$isrvectors$1166
  0C:08E9    A$isrvectors$1169
  0C:08E9    C$isrvectors.c$142$1$1
  0C:08E9    XG$IsrTmr2$0$0
  0C:08EA    A$isrvectors$1181
  0C:08EA    C$isrvectors.c$149$1$1
  0C:08EA    G$IsrPca$0$0
  0C:08EA    _IsrPca
  0C:08EC    A$isrvectors$1182
  0C:08EE    A$isrvectors$1183
  0C:08F0    A$isrvectors$1184
  0C:08F2    A$isrvectors$1185
  0C:08F4    A$isrvectors$1186
  0C:08F6    A$isrvectors$1187
  0C:08F8    A$isrvectors$1188
  0C:08FA    A$isrvectors$1189
  0C:08FC    A$isrvectors$1190
  0C:08FE    A$isrvectors$1191
  0C:0900    A$isrvectors$1192
  0C:0902    A$isrvectors$1193
  0C:0904    A$isrvectors$1194
  0C:0906    A$isrvectors$1195
  0C:0909    A$isrvectors$1198
  0C:0909    C$isrvectors.c$151$1$1
  0C:090B    A$isrvectors$1199
  0C:090D    A$isrvectors$1200
  0C:090F    A$isrvectors$1203
  0C:090F    C$isrvectors.c$153$2$2
  0C:0912    A$isrvectors$1204
  0C:0915    A$isrvectors$1205
  0C:0918    A$isrvectors$1209
  0C:0918    C$isrvectors.c$156$1$1
  0C:091A    A$isrvectors$1212
  0C:091A    C$isrvectors.c$157$1$1
  0C:091C    A$isrvectors$1215
  0C:091C    C$isrvectors.c$158$1$1
  0C:091E    A$isrvectors$1216
  0C:0920    A$isrvectors$1217
  0C:0922    A$isrvectors$1218
  0C:0924    A$isrvectors$1219
  0C:0926    A$isrvectors$1220
  0C:0928    A$isrvectors$1221
  0C:092A    A$isrvectors$1222
  0C:092C    A$isrvectors$1223
  0C:092E    A$isrvectors$1224
  0C:0930    A$isrvectors$1225
  0C:0932    A$isrvectors$1226
  0C:0934    A$isrvectors$1227
  0C:0936    A$isrvectors$1228
  0C:0938    A$isrvectors$1229
  0C:093A    A$isrvectors$1232
  0C:093A    C$isrvectors.c$159$1$1
  0C:093A    XG$IsrPca$0$0
  0C:093B    A$isrvectors$1244
  0C:093B    C$isrvectors.c$166$1$1
  0C:093B    G$IsrCan$0$0
  0C:093B    _IsrCan
  0C:093D    A$isrvectors$1245
  0C:093F    A$isrvectors$1246
  0C:0941    A$isrvectors$1247
  0C:0943    A$isrvectors$1248
  0C:0945    A$isrvectors$1249
  0C:0947    A$isrvectors$1250
  0C:0949    A$isrvectors$1251
  0C:094B    A$isrvectors$1252
  0C:094D    A$isrvectors$1253
  0C:094F    A$isrvectors$1254
  0C:0951    A$isrvectors$1255
  0C:0953    A$isrvectors$1256
  0C:0955    A$isrvectors$1257
  0C:0957    A$isrvectors$1258
  0C:095A    A$isrvectors$1261
  0C:095A    C$isrvectors.c$168$1$1
  0C:095C    A$isrvectors$1262
  0C:095E    A$isrvectors$1263
  0C:0960    A$isrvectors$1266
  0C:0960    C$isrvectors.c$170$2$2
  0C:0963    A$isrvectors$1267
  0C:0966    A$isrvectors$1268
  0C:0969    A$isrvectors$1272
  0C:0969    C$isrvectors.c$172$1$1
  0C:096C    A$isrvectors$1275
  0C:096C    C$isrvectors.c$173$1$1
  0C:096F    A$isrvectors$1276
  0C:0971    A$isrvectors$1277
  0C:0973    A$isrvectors$1278
  0C:0975    A$isrvectors$1279
  0C:0977    A$isrvectors$1280
  0C:0979    A$isrvectors$1281
  0C:097B    A$isrvectors$1282
  0C:097D    A$isrvectors$1283
  0C:097F    A$isrvectors$1284
  0C:0981    A$isrvectors$1285
  0C:0983    A$isrvectors$1286
  0C:0985    A$isrvectors$1287
  0C:0987    A$isrvectors$1288
  0C:0989    A$isrvectors$1289
  0C:098B    A$isrvectors$1292
  0C:098B    C$isrvectors.c$174$1$1
  0C:098B    XG$IsrCan$0$0
  0C:098C    A$isrvectors$1304
  0C:098C    C$isrvectors.c$181$1$1
  0C:098C    G$IsrAdc$0$0
  0C:098C    _IsrAdc
  0C:098E    A$isrvectors$1305
  0C:0990    A$isrvectors$1306
  0C:0992    A$isrvectors$1307
  0C:0994    A$isrvectors$1308
  0C:0996    A$isrvectors$1309
  0C:0998    A$isrvectors$1310
  0C:099A    A$isrvectors$1311
  0C:099C    A$isrvectors$1312
  0C:099E    A$isrvectors$1313
  0C:09A0    A$isrvectors$1314
  0C:09A2    A$isrvectors$1315
  0C:09A4    A$isrvectors$1316
  0C:09A6    A$isrvectors$1317
  0C:09A8    A$isrvectors$1318
  0C:09AB    A$isrvectors$1321
  0C:09AB    C$isrvectors.c$183$1$1
  0C:09AD    A$isrvectors$1322
  0C:09AF    A$isrvectors$1323
  0C:09B1    A$isrvectors$1326
  0C:09B1    C$isrvectors.c$185$2$2
  0C:09B4    A$isrvectors$1327
  0C:09B7    A$isrvectors$1328
  0C:09BA    A$isrvectors$1332
  0C:09BA    C$isrvectors.c$187$1$1
  0C:09BD    A$isrvectors$1333
  0C:09BF    A$isrvectors$1334
  0C:09C1    A$isrvectors$1335
  0C:09C3    A$isrvectors$1336
  0C:09C5    A$isrvectors$1337
  0C:09C7    A$isrvectors$1338
  0C:09C9    A$isrvectors$1339
  0C:09CB    A$isrvectors$1340
  0C:09CD    A$isrvectors$1341
  0C:09CF    A$isrvectors$1342
  0C:09D1    A$isrvectors$1343
  0C:09D3    A$isrvectors$1344
  0C:09D5    A$isrvectors$1345
  0C:09D7    A$isrvectors$1346
  0C:09D9    A$isrvectors$1349
  0C:09D9    C$isrvectors.c$188$1$1
  0C:09D9    XG$IsrAdc$0$0
  0C:09DA    A$isrvectors$1361
  0C:09DA    C$isrvectors.c$195$1$1
  0C:09DA    G$IsrCanTmr$0$0
  0C:09DA    _IsrCanTmr
  0C:09DC    A$isrvectors$1362
  0C:09DE    A$isrvectors$1363
  0C:09E0    A$isrvectors$1364
  0C:09E2    A$isrvectors$1365
  0C:09E4    A$isrvectors$1366
  0C:09E6    A$isrvectors$1367
  0C:09E8    A$isrvectors$1368
  0C:09EA    A$isrvectors$1369
  0C:09EC    A$isrvectors$1370
  0C:09EE    A$isrvectors$1371
  0C:09F0    A$isrvectors$1372
  0C:09F2    A$isrvectors$1373
  0C:09F4    A$isrvectors$1374
  0C:09F6    A$isrvectors$1375
  0C:09F9    A$isrvectors$1378
  0C:09F9    C$isrvectors.c$197$1$1
  0C:09FB    A$isrvectors$1379
  0C:09FD    A$isrvectors$1380
  0C:09FF    A$isrvectors$1383
  0C:09FF    C$isrvectors.c$199$2$2
  0C:0A02    A$isrvectors$1384
  0C:0A05    A$isrvectors$1385
  0C:0A08    A$isrvectors$1389
  0C:0A08    C$isrvectors.c$201$1$1
  0C:0A0B    A$isrvectors$1390
  0C:0A0D    A$isrvectors$1391
  0C:0A0F    A$isrvectors$1392
  0C:0A11    A$isrvectors$1393
  0C:0A13    A$isrvectors$1394
  0C:0A15    A$isrvectors$1395
  0C:0A17    A$isrvectors$1396
  0C:0A19    A$isrvectors$1397
  0C:0A1B    A$isrvectors$1398
  0C:0A1D    A$isrvectors$1399
  0C:0A1F    A$isrvectors$1400
  0C:0A21    A$isrvectors$1401
  0C:0A23    A$isrvectors$1402
  0C:0A25    A$isrvectors$1403
  0C:0A27    A$isrvectors$1406
  0C:0A27    C$isrvectors.c$202$1$1
  0C:0A27    XG$IsrCanTmr$0$0
  0C:0A28    __gptrput
  0C:0A41    _printf_tiny
  0C:0B4A    __mulint
  0C:0B4A    __mulint_dummy
  0C:0B67    __mullong
  0C:0B67    __mullong_dummy
  0C:0BD5    __gptrget
  0C:0BF1    __sdcc_external_startup

Hexadecimal

Area                               Addr   Size   Decimal Bytes (Attributes)
--------------------------------   ----   ----   ------- ----- ------------
CONST                              0BF5   013A =    314. bytes (REL,CON,CODE)

      Value  Global
   --------  --------------------------------
  0C:0BF5    Fsdcc_test2$u8LedValues$0$0
  0C:0CF5    Fsdcc_test2$_str_0$0$0
  0C:0D13    Fsdcc_test2$_str_1$0$0

ASxxxx Linker V01.75 + NoICE + SDCC Feb 1999,  page 1.

Files Linked      [ module(s) ]

sdcc_test2.rel  

Libraries Linked            [   object  file   ]

../lib/t89c51cc02_small.lib         [        usart.rel ]
/usr/bin/../share/sdcc/lib/small/liblong.lib    [    _divulong.rel ]
/usr/bin/../share/sdcc/lib/small/mcs51.lib    [     crtclear.rel ]
../lib/t89c51cc02_small.lib         [          pca.rel ]
/usr/bin/../share/sdcc/lib/small/mcs51.lib    [     crtxinit.rel ]
../lib/t89c51cc02_small.lib         [       sysCfg.rel ]
../lib/t89c51cc02_small.lib         [          adc.rel ]
../lib/t89c51cc02_small.lib         [   isrvectors.rel ]
/usr/bin/../share/sdcc/lib/small/libsdcc.lib    [     _gptrput.rel ]
/usr/bin/../share/sdcc/lib/small/libsdcc.lib    [  printf_tiny.rel ]
/usr/bin/../share/sdcc/lib/small/libint.lib    [      _mulint.rel ]
/usr/bin/../share/sdcc/lib/small/liblong.lib    [     _mullong.rel ]
/usr/bin/../share/sdcc/lib/small/mcs51.lib    [    crtxclear.rel ]
/usr/bin/../share/sdcc/lib/small/mcs51.lib    [      crtcall.rel ]
/usr/bin/../share/sdcc/lib/small/libsdcc.lib    [          _bp.rel ]
/usr/bin/../share/sdcc/lib/small/mcs51.lib    [   crtpagesfr.rel ]
/usr/bin/../share/sdcc/lib/small/mcs51.lib    [     crtstart.rel ]
/usr/bin/../share/sdcc/lib/small/libsdcc.lib    [     _gptrget.rel ]
/usr/bin/../share/sdcc/lib/small/libsdcc.lib    [     _startup.rel ]

ASxxxx Linker V01.75 + NoICE + SDCC Feb 1999,  page 2.

User Base Address Definitions

HOME = 0x0000
ISEG = 0x0000
BSEG = 0x0000

